=====================================================================
== H:\Program Files (x86)\Steam\SteamLibrary\steamapps\common\Arma 3\arma3.exe
== "H:\Program Files (x86)\Steam\SteamLibrary\steamapps\common\Arma 3\arma3.exe" -exThreads=0 -maxVRAM=2047 -skipintro -noland -maxMem=2047 -nosplash -world=empty "-mod=H:\Program Files (x86)\Steam\SteamLibrary\SteamApps\common\Arma 3"

Original output filename: Arma3Retail_DX11
Exe timestamp: 2016/07/11 10:11:04
Current time:  2016/07/20 19:17:02

Type: Public
Build: Stable
Version: 1.62.137494

Allocator: H:\Program Files (x86)\Steam\SteamLibrary\steamapps\common\Arma 3\dll\tbb4malloc_bi.dll
=====================================================================

19:17:02 Cannot register unknown string STR_AC_VEHICLE_IN_VEHICLE_UNLOAD
19:17:02 Initializing stats manager.
19:17:02 sessionID: d9b31e34bd197f2e1c0d4014f185da0d951cee7e
19:17:07 Updating base class RscShortcutButton->RscButton, by a3\editor_f\config.bin/RscDisplayEditObject/Controls/B_OK/
19:17:07 Updating base class RscSliderH->RscXSliderH, by a3\editor_f\config.bin/RscDisplayEditObject/Slider/
19:17:07 Updating base class RscText->RscPicture, by a3\editor_f\config.bin/RscDisplayEditObject/Preview/
19:17:07 Updating base class RscShortcutButton->RscButton, by a3\editor_f\config.bin/RscDisplayMissionLoad/Controls/B_OK/
19:17:07 Updating base class RscShortcutButton->RscButton, by a3\editor_f\config.bin/RscDisplayMissionSave/Controls/B_OK/
19:17:07 Updating base class BlendAnims->, by a3\anims_f\config\sdr\weaponswitching\config.bin/CfgMovesMaleSdr/BlendAnims/
19:17:07 Updating base class ->RscControlsGroup, by a3\ui_f\config.bin/RscControlsGroupNoScrollbars/
19:17:07 Updating base class ->RscControlsGroup, by a3\ui_f\config.bin/RscControlsGroupNoHScrollbars/
19:17:07 Updating base class ->RscControlsGroup, by a3\ui_f\config.bin/RscControlsGroupNoVScrollbars/
19:17:07 Updating base class ->RscText, by a3\ui_f\config.bin/RscLine/
19:17:07 Updating base class ->RscActiveText, by a3\ui_f\config.bin/RscActivePicture/
19:17:07 Updating base class ->RscButton, by a3\ui_f\config.bin/RscButtonTextOnly/
19:17:07 Updating base class ->RscShortcutButton, by a3\ui_f\config.bin/RscShortcutButtonMain/
19:17:07 Updating base class ->RscShortcutButton, by a3\ui_f\config.bin/RscButtonEditor/
19:17:07 Updating base class ->RscShortcutButton, by a3\ui_f\config.bin/RscIGUIShortcutButton/
19:17:07 Updating base class ->RscShortcutButton, by a3\ui_f\config.bin/RscGearShortcutButton/
19:17:07 Updating base class ->RscShortcutButton, by a3\ui_f\config.bin/RscButtonMenu/
19:17:07 Updating base class ->RscButtonMenu, by a3\ui_f\config.bin/RscButtonMenuOK/
19:17:07 Updating base class ->RscButtonMenu, by a3\ui_f\config.bin/RscButtonMenuCancel/
19:17:07 Updating base class ->RscButtonMenu, by a3\ui_f\config.bin/RscButtonMenuSteam/
19:17:07 Updating base class ->RscText, by a3\ui_f\config.bin/RscLoadingText/
19:17:07 Updating base class ->RscListBox, by a3\ui_f\config.bin/RscIGUIListBox/
19:17:07 Updating base class ->RscListNBox, by a3\ui_f\config.bin/RscIGUIListNBox/
19:17:07 Updating base class ->RscText, by a3\ui_f\config.bin/RscBackground/
19:17:07 Updating base class ->RscText, by a3\ui_f\config.bin/RscBackgroundGUI/
19:17:07 Updating base class ->RscPicture, by a3\ui_f\config.bin/RscBackgroundGUILeft/
19:17:07 Updating base class ->RscPicture, by a3\ui_f\config.bin/RscBackgroundGUIRight/
19:17:07 Updating base class ->RscPicture, by a3\ui_f\config.bin/RscBackgroundGUIBottom/
19:17:07 Updating base class ->RscText, by a3\ui_f\config.bin/RscBackgroundGUITop/
19:17:07 Updating base class ->RscText, by a3\ui_f\config.bin/RscBackgroundGUIDark/
19:17:07 Updating base class ->RscPictureKeepAspect, by a3\ui_f\config.bin/RscBackgroundLogo/
19:17:07 Updating base class ->RscMapControl, by a3\ui_f\config.bin/RscMapControlEmpty/
19:17:07 Updating base class ->RscPicture, by a3\ui_f\config.bin/CA_Mainback/
19:17:07 Updating base class ->CA_Mainback, by a3\ui_f\config.bin/CA_Back/
19:17:07 Updating base class ->CA_Mainback, by a3\ui_f\config.bin/CA_Title_Back/
19:17:07 Updating base class ->CA_Mainback, by a3\ui_f\config.bin/CA_Black_Back/
19:17:07 Updating base class ->RscTitle, by a3\ui_f\config.bin/CA_Title/
19:17:07 Updating base class ->RscPictureKeepAspect, by a3\ui_f\config.bin/CA_Logo/
19:17:07 Updating base class ->CA_Logo, by a3\ui_f\config.bin/CA_Logo_Small/
19:17:07 Updating base class ->RscButton, by a3\ui_f\config.bin/CA_RscButton/
19:17:07 Updating base class ->CA_RscButton, by a3\ui_f\config.bin/CA_RscButton_dialog/
19:17:07 Updating base class ->RscActiveText, by a3\ui_f\config.bin/CA_Ok/
19:17:07 Updating base class ->RscText, by a3\ui_f\config.bin/CA_Ok_image/
19:17:07 Updating base class ->RscText, by a3\ui_f\config.bin/CA_Ok_image2/
19:17:07 Updating base class ->RscText, by a3\ui_f\config.bin/CA_Ok_text/
19:17:07 Updating base class ->RscPicture, by a3\ui_f\config.bin/RscVignette/
19:17:07 Updating base class ->RscControlsGroupNoScrollbars, by a3\ui_f\config.bin/RscMapControlTooltip/
19:17:07 Updating base class RscUnitInfo->RscUnitInfoAirNoWeapon, by a3\ui_f\config.bin/RscInGameUI/RscUnitInfoAir/
19:17:07 Updating base class RscControlsGroup->RscControlsGroupNoScrollbars, by a3\ui_f\config.bin/RscInGameUI/RscTaskOverview/controls/TaskOverviewAssigned/
19:17:07 Updating base class RscShortcutButton->RscButtonMenu, by a3\ui_f\config.bin/RscDisplayDebug/Controls/B_OK/
19:17:07 Updating base class RscShortcutButton->RscButtonMenu, by a3\ui_f\config.bin/RscDisplayDebug/Controls/B_Cancel/
19:17:07 Updating base class RscShortcutButton->RscButtonMenu, by a3\ui_f\config.bin/RscDisplayDebug/Controls/B_Clear/
19:17:07 Updating base class ->RscText, by a3\ui_f\config.bin/RscDisplayCapture/controls/TimeLines/
19:17:07 Updating base class RscShortcutButton->RscButtonMenu, by a3\ui_f\config.bin/RscDisplayCapture/controls/ButtonAverages/
19:17:07 Updating base class RscShortcutButton->RscButtonMenu, by a3\ui_f\config.bin/RscDisplayCapture/controls/ButtonSavePreviousData/
19:17:07 Updating base class RscShortcutButton->RscButtonMenu, by a3\ui_f\config.bin/RscDisplayCapture/controls/ButtonPreviousData/
19:17:07 Updating base class RscPicture->RscPictureKeepAspect, by a3\ui_f\config.bin/RscDisplayMain/IconPicture/
19:17:07 Updating base class IconPicture->RscPictureKeepAspect, by a3\ui_f\config.bin/RscDisplayMain/DlcOwnedIconPicture/
19:17:07 Updating base class IconPicture->RscPictureKeepAspect, by a3\ui_f\config.bin/RscDisplayMain/DlcIconPicture/
19:17:07 Updating base class RscListBox->RscCombo, by a3\ui_f\config.bin/RscDisplayCustomizeController/Steepness/
19:17:07 Updating base class ->RscStandardDisplay, by a3\ui_f\config.bin/RscDisplayControlSchemes/
19:17:07 Updating base class ButtonOK->RscButtonMenuCancel, by a3\ui_f\config.bin/RscDisplayControlSchemes/controls/ButtonCancel/
19:17:07 Updating base class RscButton->RscButtonMenuOK, by a3\ui_f\config.bin/RscDisplayControlSchemes/controls/ButtonOK/
19:17:07 Updating base class RscPicture->RscPictureKeepAspect, by a3\ui_f\config.bin/RscDisplayFileSelectImage/controls/OverviewPicture/
19:17:07 Updating base class RscShortcutButton->RscButtonMenuCancel, by a3\ui_f\config.bin/RscDisplayFieldManual/controls/ButtonCancel/
19:17:07 Cannot delete class B_KickOff, it is referenced somewhere (used as a base class probably).
19:17:07 Updating base class RscButton->RscButtonMenuCancel, by a3\ui_f\config.bin/RscDisplayPublishMission/controls/ButtonCancel/
19:17:07 Updating base class RscShortcutButton->RscButtonMenuOK, by a3\ui_f\config.bin/RscDisplayPublishMissionSelectTags/controls/ButtonOK/
19:17:07 Updating base class ButtonOK->RscButtonMenuCancel, by a3\ui_f\config.bin/RscDisplayPublishMissionSelectTags/controls/ButtonCancel/
19:17:07 Updating base class ->RscSubmenu, by a3\ui_f\config.bin/RscMainMenu/
19:17:07 Cannot update non class from class a3\ui_f\config.bin/RscCallSupport/Items/
19:17:07 Cannot update non class from class a3\ui_f\config.bin/RscRadio/Items/
19:17:07 Updating base class ->DistanceClose, by a3\ui_f\config.bin/CfgSimpleTasks/Icon3D/DistanceMid/
19:17:07 Updating base class ->DistanceClose, by a3\ui_f\config.bin/CfgSimpleTasks/Icon3D/DistanceLong/
19:17:07 Updating base class ->All, by a3\sounds_f\config.bin/CfgVehicles/Sound/
19:17:08 Updating base class ->BlendAnims, by a3\soft_f_kart\kart_01\config.bin/CfgMovesMaleSdr/BlendAnims/
19:17:08 Updating base class RscText->ctrlStaticBackgroundDisable, by a3\3den\config.bin/RscDisplayOptionsAudio/ControlsBackground/BackgroundDisable/
19:17:08 Updating base class RscText->ctrlStaticBackgroundDisableTiles, by a3\3den\config.bin/RscDisplayOptionsAudio/ControlsBackground/BackgroundDisableTiles/
19:17:08 Updating base class RscText->ctrlStaticBackgroundDisable, by a3\3den\config.bin/RscDisplayConfigure/ControlsBackground/BackgroundDisable/
19:17:08 Updating base class RscText->ctrlStaticBackgroundDisableTiles, by a3\3den\config.bin/RscDisplayConfigure/ControlsBackground/BackgroundDisableTiles/
19:17:08 Updating base class RscText->ctrlStaticBackgroundDisable, by a3\3den\config.bin/RscDisplayConfigureAction/ControlsBackground/BackgroundDisable/
19:17:08 Updating base class RscText->ctrlStaticBackgroundDisableTiles, by a3\3den\config.bin/RscDisplayConfigureAction/ControlsBackground/BackgroundDisableTiles/
19:17:08 Updating base class RscText->ctrlStaticBackgroundDisable, by a3\3den\config.bin/RscDisplayConfigureControllers/ControlsBackground/BackgroundDisable/
19:17:08 Updating base class RscText->ctrlStaticBackgroundDisableTiles, by a3\3den\config.bin/RscDisplayConfigureControllers/ControlsBackground/BackgroundDisableTiles/
19:17:08 Updating base class RscText->ctrlStaticBackgroundDisable, by a3\3den\config.bin/RscDisplayGameOptions/ControlsBackground/BackgroundDisable/
19:17:08 Updating base class RscText->ctrlStaticBackgroundDisableTiles, by a3\3den\config.bin/RscDisplayGameOptions/ControlsBackground/BackgroundDisableTiles/
19:17:08 Updating base class controls->, by a3\3den\config.bin/RscDisplayArcadeMap_Layout_2/Controls/
19:17:08 Updating base class controls->, by a3\3den\config.bin/RscDisplayArcadeMap_Layout_6/Controls/
19:17:08 Initializing Steam Manager
19:17:08 Starting initial content check.
19:17:08 Steam Manager initialized.
19:17:08 
19:17:08 ==== Loaded addons ====
19:17:08 
19:17:08 H:\Program Files (x86)\Steam\SteamLibrary\SteamApps\common\Arma 3\dta\bin.pbo - unknown
19:17:08 H:\Program Files (x86)\Steam\SteamLibrary\SteamApps\common\Arma 3\dta\core.pbo - 98397
19:17:08 H:\Program Files (x86)\Steam\SteamLibrary\SteamApps\common\Arma 3\dta\languagecore_f.pbo - 102617
19:17:08 H:\Program Files (x86)\Steam\SteamLibrary\SteamApps\common\Arma 3\addons\3den.pbo - 102647
19:17:08 H:\Program Files (x86)\Steam\SteamLibrary\SteamApps\common\Arma 3\addons\3den_language.pbo - 102097
19:17:08 H:\Program Files (x86)\Steam\SteamLibrary\SteamApps\common\Arma 3\addons\a3.pbo - unknown
19:17:08 H:\Program Files (x86)\Steam\SteamLibrary\SteamApps\common\Arma 3\addons\air_f.pbo - 99988
19:17:08 H:\Program Files (x86)\Steam\SteamLibrary\SteamApps\common\Arma 3\addons\air_f_beta.pbo - 100272
19:17:08 H:\Program Files (x86)\Steam\SteamLibrary\SteamApps\common\Arma 3\addons\air_f_epb.pbo - 99941
19:17:08 H:\Program Files (x86)\Steam\SteamLibrary\SteamApps\common\Arma 3\addons\air_f_epc.pbo - 98395
19:17:08 H:\Program Files (x86)\Steam\SteamLibrary\SteamApps\common\Arma 3\addons\air_f_gamma.pbo - 98395
19:17:08 H:\Program Files (x86)\Steam\SteamLibrary\SteamApps\common\Arma 3\addons\animals_f.pbo - 100090
19:17:08 H:\Program Files (x86)\Steam\SteamLibrary\SteamApps\common\Arma 3\addons\animals_f_beta.pbo - 100090
19:17:08 H:\Program Files (x86)\Steam\SteamLibrary\SteamApps\common\Arma 3\addons\anims_f.pbo - 101995
19:17:08 H:\Program Files (x86)\Steam\SteamLibrary\SteamApps\common\Arma 3\addons\anims_f_bootcamp.pbo - 99081
19:17:08 H:\Program Files (x86)\Steam\SteamLibrary\SteamApps\common\Arma 3\addons\anims_f_data.pbo - 102560
19:17:08 H:\Program Files (x86)\Steam\SteamLibrary\SteamApps\common\Arma 3\addons\anims_f_epa.pbo - 99082
19:17:08 H:\Program Files (x86)\Steam\SteamLibrary\SteamApps\common\Arma 3\addons\anims_f_epc.pbo - 99082
19:17:08 H:\Program Files (x86)\Steam\SteamLibrary\SteamApps\common\Arma 3\addons\anims_f_exp_a.pbo - 99908
19:17:08 H:\Program Files (x86)\Steam\SteamLibrary\SteamApps\common\Arma 3\addons\armor_f.pbo - 99082
19:17:08 H:\Program Files (x86)\Steam\SteamLibrary\SteamApps\common\Arma 3\addons\armor_f_beta.pbo - 101707
19:17:08 H:\Program Files (x86)\Steam\SteamLibrary\SteamApps\common\Arma 3\addons\armor_f_epb.pbo - 99082
19:17:08 H:\Program Files (x86)\Steam\SteamLibrary\SteamApps\common\Arma 3\addons\armor_f_epc.pbo - 99082
19:17:08 H:\Program Files (x86)\Steam\SteamLibrary\SteamApps\common\Arma 3\addons\armor_f_gamma.pbo - 99082
19:17:08 H:\Program Files (x86)\Steam\SteamLibrary\SteamApps\common\Arma 3\addons\baseconfig_f.pbo - 99080
19:17:08 H:\Program Files (x86)\Steam\SteamLibrary\SteamApps\common\Arma 3\addons\boat_f.pbo - 99082
19:17:08 H:\Program Files (x86)\Steam\SteamLibrary\SteamApps\common\Arma 3\addons\boat_f_beta.pbo - 99082
19:17:08 H:\Program Files (x86)\Steam\SteamLibrary\SteamApps\common\Arma 3\addons\boat_f_epc.pbo - 101732
19:17:08 H:\Program Files (x86)\Steam\SteamLibrary\SteamApps\common\Arma 3\addons\boat_f_gamma.pbo - 101732
19:17:08 H:\Program Files (x86)\Steam\SteamLibrary\SteamApps\common\Arma 3\addons\cargoposes_f.pbo - 102701
19:17:08 H:\Program Files (x86)\Steam\SteamLibrary\SteamApps\common\Arma 3\addons\characters_f.pbo - 102106
19:17:08 H:\Program Files (x86)\Steam\SteamLibrary\SteamApps\common\Arma 3\addons\characters_f_beta.pbo - 101172
19:17:08 H:\Program Files (x86)\Steam\SteamLibrary\SteamApps\common\Arma 3\addons\characters_f_bootcamp.pbo - 100169
19:17:08 H:\Program Files (x86)\Steam\SteamLibrary\SteamApps\common\Arma 3\addons\characters_f_epa.pbo - 99082
19:17:08 H:\Program Files (x86)\Steam\SteamLibrary\SteamApps\common\Arma 3\addons\characters_f_epb.pbo - 99082
19:17:08 H:\Program Files (x86)\Steam\SteamLibrary\SteamApps\common\Arma 3\addons\characters_f_epc.pbo - 99082
19:17:08 H:\Program Files (x86)\Steam\SteamLibrary\SteamApps\common\Arma 3\addons\characters_f_gamma.pbo - 99374
19:17:08 H:\Program Files (x86)\Steam\SteamLibrary\SteamApps\common\Arma 3\addons\data_f.pbo - 102582
19:17:08 H:\Program Files (x86)\Steam\SteamLibrary\SteamApps\common\Arma 3\addons\data_f_bootcamp.pbo - 100892
19:17:08 H:\Program Files (x86)\Steam\SteamLibrary\SteamApps\common\Arma 3\addons\data_f_exp_a.pbo - 99082
19:17:08 H:\Program Files (x86)\Steam\SteamLibrary\SteamApps\common\Arma 3\addons\data_f_exp_b.pbo - 98643
19:17:08 H:\Program Files (x86)\Steam\SteamLibrary\SteamApps\common\Arma 3\addons\drones_f.pbo - 100981
19:17:08 H:\Program Files (x86)\Steam\SteamLibrary\SteamApps\common\Arma 3\addons\dubbing_f.pbo - 98398
19:17:08 H:\Program Files (x86)\Steam\SteamLibrary\SteamApps\common\Arma 3\addons\dubbing_f_beta.pbo - 98398
19:17:08 H:\Program Files (x86)\Steam\SteamLibrary\SteamApps\common\Arma 3\addons\dubbing_f_bootcamp.pbo - 98398
19:17:08 H:\Program Files (x86)\Steam\SteamLibrary\SteamApps\common\Arma 3\addons\dubbing_f_epa.pbo - 98398
19:17:08 H:\Program Files (x86)\Steam\SteamLibrary\SteamApps\common\Arma 3\addons\dubbing_f_epb.pbo - 98398
19:17:08 H:\Program Files (x86)\Steam\SteamLibrary\SteamApps\common\Arma 3\addons\dubbing_f_epc.pbo - 98398
19:17:08 H:\Program Files (x86)\Steam\SteamLibrary\SteamApps\common\Arma 3\addons\dubbing_f_gamma.pbo - 98398
19:17:08 H:\Program Files (x86)\Steam\SteamLibrary\SteamApps\common\Arma 3\addons\dubbing_radio_f.pbo - 99982
19:17:08 H:\Program Files (x86)\Steam\SteamLibrary\SteamApps\common\Arma 3\addons\dubbing_radio_f_data_eng.pbo - 99078
19:17:08 H:\Program Files (x86)\Steam\SteamLibrary\SteamApps\common\Arma 3\addons\dubbing_radio_f_data_engb.pbo - 99078
19:17:08 H:\Program Files (x86)\Steam\SteamLibrary\SteamApps\common\Arma 3\addons\dubbing_radio_f_data_gre.pbo - 99078
19:17:08 H:\Program Files (x86)\Steam\SteamLibrary\SteamApps\common\Arma 3\addons\dubbing_radio_f_data_per.pbo - 99078
19:17:08 H:\Program Files (x86)\Steam\SteamLibrary\SteamApps\common\Arma 3\addons\dubbing_radio_f_data_vr.pbo - 99078
19:17:08 H:\Program Files (x86)\Steam\SteamLibrary\SteamApps\common\Arma 3\addons\editorpreviews_f.pbo - 99556
19:17:08 H:\Program Files (x86)\Steam\SteamLibrary\SteamApps\common\Arma 3\addons\editor_f.pbo - 99082
19:17:08 H:\Program Files (x86)\Steam\SteamLibrary\SteamApps\common\Arma 3\addons\functions_f.pbo - 102723
19:17:08 H:\Program Files (x86)\Steam\SteamLibrary\SteamApps\common\Arma 3\addons\functions_f_bootcamp.pbo - 101296
19:17:08 H:\Program Files (x86)\Steam\SteamLibrary\SteamApps\common\Arma 3\addons\functions_f_epa.pbo - 99082
19:17:08 H:\Program Files (x86)\Steam\SteamLibrary\SteamApps\common\Arma 3\addons\functions_f_epc.pbo - 99082
19:17:08 H:\Program Files (x86)\Steam\SteamLibrary\SteamApps\common\Arma 3\addons\functions_f_exp_a.pbo - 99082
19:17:08 H:\Program Files (x86)\Steam\SteamLibrary\SteamApps\common\Arma 3\addons\languagemissions_f.pbo - 102617
19:17:08 H:\Program Files (x86)\Steam\SteamLibrary\SteamApps\common\Arma 3\addons\languagemissions_f_beta.pbo - 102099
19:17:08 H:\Program Files (x86)\Steam\SteamLibrary\SteamApps\common\Arma 3\addons\languagemissions_f_bootcamp.pbo - 102099
19:17:08 H:\Program Files (x86)\Steam\SteamLibrary\SteamApps\common\Arma 3\addons\languagemissions_f_epa.pbo - 102099
19:17:08 H:\Program Files (x86)\Steam\SteamLibrary\SteamApps\common\Arma 3\addons\languagemissions_f_epb.pbo - 102099
19:17:08 H:\Program Files (x86)\Steam\SteamLibrary\SteamApps\common\Arma 3\addons\languagemissions_f_epc.pbo - 102099
19:17:08 H:\Program Files (x86)\Steam\SteamLibrary\SteamApps\common\Arma 3\addons\languagemissions_f_exp_a.pbo - 102099
19:17:08 H:\Program Files (x86)\Steam\SteamLibrary\SteamApps\common\Arma 3\addons\languagemissions_f_gamma.pbo - 102099
19:17:08 H:\Program Files (x86)\Steam\SteamLibrary\SteamApps\common\Arma 3\addons\language_f.pbo - 102097
19:17:08 H:\Program Files (x86)\Steam\SteamLibrary\SteamApps\common\Arma 3\addons\language_f_beta.pbo - 102097
19:17:08 H:\Program Files (x86)\Steam\SteamLibrary\SteamApps\common\Arma 3\addons\language_f_bootcamp.pbo - 102097
19:17:08 H:\Program Files (x86)\Steam\SteamLibrary\SteamApps\common\Arma 3\addons\language_f_epa.pbo - 102099
19:17:08 H:\Program Files (x86)\Steam\SteamLibrary\SteamApps\common\Arma 3\addons\language_f_epb.pbo - 102099
19:17:08 H:\Program Files (x86)\Steam\SteamLibrary\SteamApps\common\Arma 3\addons\language_f_epc.pbo - 102099
19:17:08 H:\Program Files (x86)\Steam\SteamLibrary\SteamApps\common\Arma 3\addons\language_f_exp_a.pbo - 102099
19:17:08 H:\Program Files (x86)\Steam\SteamLibrary\SteamApps\common\Arma 3\addons\language_f_exp_b.pbo - 102099
19:17:08 H:\Program Files (x86)\Steam\SteamLibrary\SteamApps\common\Arma 3\addons\language_f_gamma.pbo - 102099
19:17:08 H:\Program Files (x86)\Steam\SteamLibrary\SteamApps\common\Arma 3\addons\map_altis.pbo - 102518
19:17:08 H:\Program Files (x86)\Steam\SteamLibrary\SteamApps\common\Arma 3\addons\map_altis_data.pbo - 99740
19:17:08 H:\Program Files (x86)\Steam\SteamLibrary\SteamApps\common\Arma 3\addons\map_altis_data_layers.pbo - 99901
19:17:08 H:\Program Files (x86)\Steam\SteamLibrary\SteamApps\common\Arma 3\addons\map_altis_data_layers_00_00.pbo - 99901
19:17:08 H:\Program Files (x86)\Steam\SteamLibrary\SteamApps\common\Arma 3\addons\map_altis_data_layers_00_01.pbo - 99901
19:17:08 H:\Program Files (x86)\Steam\SteamLibrary\SteamApps\common\Arma 3\addons\map_altis_data_layers_01_00.pbo - 99901
19:17:08 H:\Program Files (x86)\Steam\SteamLibrary\SteamApps\common\Arma 3\addons\map_altis_data_layers_01_01.pbo - 99901
19:17:08 H:\Program Files (x86)\Steam\SteamLibrary\SteamApps\common\Arma 3\addons\map_altis_scenes_f.pbo - 101568
19:17:08 H:\Program Files (x86)\Steam\SteamLibrary\SteamApps\common\Arma 3\addons\map_data.pbo - 100132
19:17:08 H:\Program Files (x86)\Steam\SteamLibrary\SteamApps\common\Arma 3\addons\map_stratis.pbo - 100234
19:17:08 H:\Program Files (x86)\Steam\SteamLibrary\SteamApps\common\Arma 3\addons\map_stratis_data.pbo - 99082
19:17:08 H:\Program Files (x86)\Steam\SteamLibrary\SteamApps\common\Arma 3\addons\map_stratis_data_layers.pbo - 99082
19:17:08 H:\Program Files (x86)\Steam\SteamLibrary\SteamApps\common\Arma 3\addons\map_stratis_scenes_f.pbo - 101568
19:17:08 H:\Program Files (x86)\Steam\SteamLibrary\SteamApps\common\Arma 3\addons\map_vr.pbo - 98784
19:17:08 H:\Program Files (x86)\Steam\SteamLibrary\SteamApps\common\Arma 3\addons\map_vr_scenes_f.pbo - 101569
19:17:08 H:\Program Files (x86)\Steam\SteamLibrary\SteamApps\common\Arma 3\addons\misc_f.pbo - 99082
19:17:08 H:\Program Files (x86)\Steam\SteamLibrary\SteamApps\common\Arma 3\addons\missions_f.pbo - 99082
19:17:08 H:\Program Files (x86)\Steam\SteamLibrary\SteamApps\common\Arma 3\addons\missions_f_beta.pbo - 99082
19:17:08 H:\Program Files (x86)\Steam\SteamLibrary\SteamApps\common\Arma 3\addons\missions_f_beta_data.pbo - 99082
19:17:08 H:\Program Files (x86)\Steam\SteamLibrary\SteamApps\common\Arma 3\addons\missions_f_beta_video.pbo - 99082
19:17:08 H:\Program Files (x86)\Steam\SteamLibrary\SteamApps\common\Arma 3\addons\missions_f_bootcamp.pbo - 102166
19:17:08 H:\Program Files (x86)\Steam\SteamLibrary\SteamApps\common\Arma 3\addons\missions_f_bootcamp_data.pbo - 99082
19:17:08 H:\Program Files (x86)\Steam\SteamLibrary\SteamApps\common\Arma 3\addons\missions_f_bootcamp_video.pbo - 99082
19:17:08 H:\Program Files (x86)\Steam\SteamLibrary\SteamApps\common\Arma 3\addons\missions_f_data.pbo - 99082
19:17:08 H:\Program Files (x86)\Steam\SteamLibrary\SteamApps\common\Arma 3\addons\missions_f_epa.pbo - 102505
19:17:08 H:\Program Files (x86)\Steam\SteamLibrary\SteamApps\common\Arma 3\addons\missions_f_epa_data.pbo - 99082
19:17:08 H:\Program Files (x86)\Steam\SteamLibrary\SteamApps\common\Arma 3\addons\missions_f_epa_video.pbo - 99082
19:17:08 H:\Program Files (x86)\Steam\SteamLibrary\SteamApps\common\Arma 3\addons\missions_f_epb.pbo - 99082
19:17:08 H:\Program Files (x86)\Steam\SteamLibrary\SteamApps\common\Arma 3\addons\missions_f_epc.pbo - 99082
19:17:08 H:\Program Files (x86)\Steam\SteamLibrary\SteamApps\common\Arma 3\addons\missions_f_exp_a.pbo - 102056
19:17:08 H:\Program Files (x86)\Steam\SteamLibrary\SteamApps\common\Arma 3\addons\missions_f_exp_a_data.pbo - 98702
19:17:08 H:\Program Files (x86)\Steam\SteamLibrary\SteamApps\common\Arma 3\addons\missions_f_gamma.pbo - 99082
19:17:08 H:\Program Files (x86)\Steam\SteamLibrary\SteamApps\common\Arma 3\addons\missions_f_gamma_data.pbo - 99082
19:17:08 H:\Program Files (x86)\Steam\SteamLibrary\SteamApps\common\Arma 3\addons\missions_f_gamma_video.pbo - 99082
19:17:08 H:\Program Files (x86)\Steam\SteamLibrary\SteamApps\common\Arma 3\addons\missions_f_video.pbo - 99084
19:17:08 H:\Program Files (x86)\Steam\SteamLibrary\SteamApps\common\Arma 3\addons\modules_f.pbo - 98663
19:17:08 H:\Program Files (x86)\Steam\SteamLibrary\SteamApps\common\Arma 3\addons\modules_f_beta.pbo - 99084
19:17:08 H:\Program Files (x86)\Steam\SteamLibrary\SteamApps\common\Arma 3\addons\modules_f_beta_data.pbo - 99084
19:17:08 H:\Program Files (x86)\Steam\SteamLibrary\SteamApps\common\Arma 3\addons\modules_f_bootcamp.pbo - 99085
19:17:08 H:\Program Files (x86)\Steam\SteamLibrary\SteamApps\common\Arma 3\addons\modules_f_data.pbo - 99085
19:17:08 H:\Program Files (x86)\Steam\SteamLibrary\SteamApps\common\Arma 3\addons\modules_f_epb.pbo - 99085
19:17:08 H:\Program Files (x86)\Steam\SteamLibrary\SteamApps\common\Arma 3\addons\modules_f_exp_a.pbo - 99085
19:17:08 H:\Program Files (x86)\Steam\SteamLibrary\SteamApps\common\Arma 3\addons\music_f.pbo - 99086
19:17:08 H:\Program Files (x86)\Steam\SteamLibrary\SteamApps\common\Arma 3\addons\music_f_bootcamp.pbo - 98422
19:17:08 H:\Program Files (x86)\Steam\SteamLibrary\SteamApps\common\Arma 3\addons\music_f_bootcamp_music.pbo - 99086
19:17:08 H:\Program Files (x86)\Steam\SteamLibrary\SteamApps\common\Arma 3\addons\music_f_epa.pbo - 98422
19:17:08 H:\Program Files (x86)\Steam\SteamLibrary\SteamApps\common\Arma 3\addons\music_f_epa_music.pbo - 99086
19:17:08 H:\Program Files (x86)\Steam\SteamLibrary\SteamApps\common\Arma 3\addons\music_f_epb.pbo - 98422
19:17:08 H:\Program Files (x86)\Steam\SteamLibrary\SteamApps\common\Arma 3\addons\music_f_epb_music.pbo - 99086
19:17:08 H:\Program Files (x86)\Steam\SteamLibrary\SteamApps\common\Arma 3\addons\music_f_epc.pbo - 98423
19:17:08 H:\Program Files (x86)\Steam\SteamLibrary\SteamApps\common\Arma 3\addons\music_f_epc_music.pbo - 99086
19:17:08 H:\Program Files (x86)\Steam\SteamLibrary\SteamApps\common\Arma 3\addons\music_f_music.pbo - 99086
19:17:08 H:\Program Files (x86)\Steam\SteamLibrary\SteamApps\common\Arma 3\addons\plants_f.pbo - 102349
19:17:08 H:\Program Files (x86)\Steam\SteamLibrary\SteamApps\common\Arma 3\addons\props_f_exp_a.pbo - 99086
19:17:08 H:\Program Files (x86)\Steam\SteamLibrary\SteamApps\common\Arma 3\addons\roads_f.pbo - 98423
19:17:08 H:\Program Files (x86)\Steam\SteamLibrary\SteamApps\common\Arma 3\addons\rocks_f.pbo - 101831
19:17:08 H:\Program Files (x86)\Steam\SteamLibrary\SteamApps\common\Arma 3\addons\signs_f.pbo - 99349
19:17:08 H:\Program Files (x86)\Steam\SteamLibrary\SteamApps\common\Arma 3\addons\soft_f.pbo - 98851
19:17:08 H:\Program Files (x86)\Steam\SteamLibrary\SteamApps\common\Arma 3\addons\soft_f_beta.pbo - 99086
19:17:08 H:\Program Files (x86)\Steam\SteamLibrary\SteamApps\common\Arma 3\addons\soft_f_bootcamp.pbo - 99086
19:17:08 H:\Program Files (x86)\Steam\SteamLibrary\SteamApps\common\Arma 3\addons\soft_f_epc.pbo - 102379
19:17:08 H:\Program Files (x86)\Steam\SteamLibrary\SteamApps\common\Arma 3\addons\soft_f_gamma.pbo - 100005
19:17:08 H:\Program Files (x86)\Steam\SteamLibrary\SteamApps\common\Arma 3\addons\sounds_f.pbo - 101933
19:17:08 H:\Program Files (x86)\Steam\SteamLibrary\SteamApps\common\Arma 3\addons\sounds_f_arsenal.pbo - 99086
19:17:08 H:\Program Files (x86)\Steam\SteamLibrary\SteamApps\common\Arma 3\addons\sounds_f_bootcamp.pbo - 99086
19:17:08 H:\Program Files (x86)\Steam\SteamLibrary\SteamApps\common\Arma 3\addons\sounds_f_characters.pbo - 101934
19:17:08 H:\Program Files (x86)\Steam\SteamLibrary\SteamApps\common\Arma 3\addons\sounds_f_environment.pbo - 101781
19:17:08 H:\Program Files (x86)\Steam\SteamLibrary\SteamApps\common\Arma 3\addons\sounds_f_epb.pbo - 99086
19:17:08 H:\Program Files (x86)\Steam\SteamLibrary\SteamApps\common\Arma 3\addons\sounds_f_epc.pbo - 99086
19:17:08 H:\Program Files (x86)\Steam\SteamLibrary\SteamApps\common\Arma 3\addons\sounds_f_exp_a.pbo - 99086
19:17:08 H:\Program Files (x86)\Steam\SteamLibrary\SteamApps\common\Arma 3\addons\sounds_f_sfx.pbo - 99087
19:17:08 H:\Program Files (x86)\Steam\SteamLibrary\SteamApps\common\Arma 3\addons\sounds_f_vehicles.pbo - 101781
19:17:08 H:\Program Files (x86)\Steam\SteamLibrary\SteamApps\common\Arma 3\addons\static_f.pbo - 101412
19:17:08 H:\Program Files (x86)\Steam\SteamLibrary\SteamApps\common\Arma 3\addons\static_f_beta.pbo - 98423
19:17:08 H:\Program Files (x86)\Steam\SteamLibrary\SteamApps\common\Arma 3\addons\static_f_gamma.pbo - 98423
19:17:08 H:\Program Files (x86)\Steam\SteamLibrary\SteamApps\common\Arma 3\addons\structures_f.pbo - 102108
19:17:08 H:\Program Files (x86)\Steam\SteamLibrary\SteamApps\common\Arma 3\addons\structures_f_bootcamp.pbo - 101830
19:17:08 H:\Program Files (x86)\Steam\SteamLibrary\SteamApps\common\Arma 3\addons\structures_f_data.pbo - 100167
19:17:08 H:\Program Files (x86)\Steam\SteamLibrary\SteamApps\common\Arma 3\addons\structures_f_epa.pbo - 99891
19:17:08 H:\Program Files (x86)\Steam\SteamLibrary\SteamApps\common\Arma 3\addons\structures_f_epb.pbo - 101868
19:17:08 H:\Program Files (x86)\Steam\SteamLibrary\SteamApps\common\Arma 3\addons\structures_f_epc.pbo - 101721
19:17:08 H:\Program Files (x86)\Steam\SteamLibrary\SteamApps\common\Arma 3\addons\structures_f_exp_a.pbo - 99087
19:17:08 H:\Program Files (x86)\Steam\SteamLibrary\SteamApps\common\Arma 3\addons\structures_f_households.pbo - 102520
19:17:08 H:\Program Files (x86)\Steam\SteamLibrary\SteamApps\common\Arma 3\addons\structures_f_ind.pbo - 102260
19:17:08 H:\Program Files (x86)\Steam\SteamLibrary\SteamApps\common\Arma 3\addons\structures_f_mil.pbo - 101830
19:17:08 H:\Program Files (x86)\Steam\SteamLibrary\SteamApps\common\Arma 3\addons\structures_f_wrecks.pbo - 99089
19:17:08 H:\Program Files (x86)\Steam\SteamLibrary\SteamApps\common\Arma 3\addons\uifonts_f.pbo - 99090
19:17:08 H:\Program Files (x86)\Steam\SteamLibrary\SteamApps\common\Arma 3\addons\uifonts_f_data.pbo - 99090
19:17:08 H:\Program Files (x86)\Steam\SteamLibrary\SteamApps\common\Arma 3\addons\ui_f.pbo - 102687
19:17:08 H:\Program Files (x86)\Steam\SteamLibrary\SteamApps\common\Arma 3\addons\ui_f_bootcamp.pbo - 101548
19:17:08 H:\Program Files (x86)\Steam\SteamLibrary\SteamApps\common\Arma 3\addons\ui_f_data.pbo - 102242
19:17:08 H:\Program Files (x86)\Steam\SteamLibrary\SteamApps\common\Arma 3\addons\ui_f_exp_a.pbo - 99090
19:17:08 H:\Program Files (x86)\Steam\SteamLibrary\SteamApps\common\Arma 3\addons\weapons_f.pbo - 102566
19:17:08 H:\Program Files (x86)\Steam\SteamLibrary\SteamApps\common\Arma 3\addons\weapons_f_beta.pbo - 102192
19:17:08 H:\Program Files (x86)\Steam\SteamLibrary\SteamApps\common\Arma 3\addons\weapons_f_bootcamp.pbo - 99090
19:17:08 H:\Program Files (x86)\Steam\SteamLibrary\SteamApps\common\Arma 3\addons\weapons_f_epa.pbo - 99090
19:17:08 H:\Program Files (x86)\Steam\SteamLibrary\SteamApps\common\Arma 3\addons\weapons_f_epb.pbo - 99090
19:17:08 H:\Program Files (x86)\Steam\SteamLibrary\SteamApps\common\Arma 3\addons\weapons_f_epc.pbo - 99090
19:17:08 H:\Program Files (x86)\Steam\SteamLibrary\SteamApps\common\Arma 3\addons\weapons_f_gamma.pbo - 99090
19:17:08 H:\Program Files (x86)\Steam\SteamLibrary\steamapps\common\Arma 3\expansion\addons\air_f_exp.ebo - 102689
19:17:08 H:\Program Files (x86)\Steam\SteamLibrary\steamapps\common\Arma 3\expansion\addons\anims_f_exp.ebo - 102702
19:17:08 H:\Program Files (x86)\Steam\SteamLibrary\steamapps\common\Arma 3\expansion\addons\armor_f_exp.ebo - 101169
19:17:08 H:\Program Files (x86)\Steam\SteamLibrary\steamapps\common\Arma 3\expansion\addons\boat_f_exp.ebo - 102349
19:17:08 H:\Program Files (x86)\Steam\SteamLibrary\steamapps\common\Arma 3\expansion\addons\cargoposes_f_exp.ebo - 102649
19:17:08 H:\Program Files (x86)\Steam\SteamLibrary\steamapps\common\Arma 3\expansion\addons\characters_f_exp.ebo - 102716
19:17:08 H:\Program Files (x86)\Steam\SteamLibrary\steamapps\common\Arma 3\expansion\addons\data_f_exp.ebo - 102504
19:17:08 H:\Program Files (x86)\Steam\SteamLibrary\steamapps\common\Arma 3\expansion\addons\dubbing_f_exp.ebo - 102566
19:17:08 H:\Program Files (x86)\Steam\SteamLibrary\steamapps\common\Arma 3\expansion\addons\dubbing_radio_f_exp.ebo - 102344
19:17:08 H:\Program Files (x86)\Steam\SteamLibrary\steamapps\common\Arma 3\expansion\addons\dubbing_radio_f_exp_data_chi.ebo - 102574
19:17:08 H:\Program Files (x86)\Steam\SteamLibrary\steamapps\common\Arma 3\expansion\addons\dubbing_radio_f_exp_data_engfre.ebo - 102574
19:17:08 H:\Program Files (x86)\Steam\SteamLibrary\steamapps\common\Arma 3\expansion\addons\dubbing_radio_f_exp_data_fre.ebo - 102574
19:17:08 H:\Program Files (x86)\Steam\SteamLibrary\steamapps\common\Arma 3\expansion\addons\editorpreviews_f_exp.ebo - 101866
19:17:08 H:\Program Files (x86)\Steam\SteamLibrary\steamapps\common\Arma 3\expansion\addons\functions_f_exp.ebo - 102377
19:17:08 H:\Program Files (x86)\Steam\SteamLibrary\steamapps\common\Arma 3\expansion\addons\languagemissions_f_exp.ebo - 102617
19:17:08 H:\Program Files (x86)\Steam\SteamLibrary\steamapps\common\Arma 3\expansion\addons\language_f_exp.ebo - 102617
19:17:08 H:\Program Files (x86)\Steam\SteamLibrary\steamapps\common\Arma 3\expansion\addons\map_data_exp.ebo - 101774
19:17:08 H:\Program Files (x86)\Steam\SteamLibrary\steamapps\common\Arma 3\expansion\addons\map_tanoabuka.ebo - 102697
19:17:08 H:\Program Files (x86)\Steam\SteamLibrary\steamapps\common\Arma 3\expansion\addons\map_tanoabuka_data.ebo - 102638
19:17:08 H:\Program Files (x86)\Steam\SteamLibrary\steamapps\common\Arma 3\expansion\addons\map_tanoabuka_data_layers.ebo - 102461
19:17:08 H:\Program Files (x86)\Steam\SteamLibrary\steamapps\common\Arma 3\expansion\addons\map_tanoabuka_data_layers_00_00.ebo - 102461
19:17:08 H:\Program Files (x86)\Steam\SteamLibrary\steamapps\common\Arma 3\expansion\addons\map_tanoa_scenes_f.ebo - 101568
19:17:08 H:\Program Files (x86)\Steam\SteamLibrary\steamapps\common\Arma 3\expansion\addons\missions_f_exp.ebo - 102771
19:17:08 H:\Program Files (x86)\Steam\SteamLibrary\steamapps\common\Arma 3\expansion\addons\missions_f_exp_data.ebo - 102647
19:17:08 H:\Program Files (x86)\Steam\SteamLibrary\steamapps\common\Arma 3\expansion\addons\missions_f_exp_video.ebo - 102748
19:17:08 H:\Program Files (x86)\Steam\SteamLibrary\steamapps\common\Arma 3\expansion\addons\modules_f_exp.ebo - 101172
19:17:08 H:\Program Files (x86)\Steam\SteamLibrary\steamapps\common\Arma 3\expansion\addons\music_f_exp.ebo - 102056
19:17:08 H:\Program Files (x86)\Steam\SteamLibrary\steamapps\common\Arma 3\expansion\addons\music_f_exp_music.ebo - 102056
19:17:08 H:\Program Files (x86)\Steam\SteamLibrary\steamapps\common\Arma 3\expansion\addons\props_f_exp.ebo - 102514
19:17:08 H:\Program Files (x86)\Steam\SteamLibrary\steamapps\common\Arma 3\expansion\addons\rocks_f_exp.ebo - 102694
19:17:08 H:\Program Files (x86)\Steam\SteamLibrary\steamapps\common\Arma 3\expansion\addons\soft_f_exp.ebo - 102514
19:17:08 H:\Program Files (x86)\Steam\SteamLibrary\steamapps\common\Arma 3\expansion\addons\sounds_f_exp.ebo - 102514
19:17:08 H:\Program Files (x86)\Steam\SteamLibrary\steamapps\common\Arma 3\expansion\addons\static_f_exp.ebo - 101619
19:17:08 H:\Program Files (x86)\Steam\SteamLibrary\steamapps\common\Arma 3\expansion\addons\structures_f_exp.ebo - 102320
19:17:08 H:\Program Files (x86)\Steam\SteamLibrary\steamapps\common\Arma 3\expansion\addons\structures_f_exp_civilian.ebo - 102332
19:17:08 H:\Program Files (x86)\Steam\SteamLibrary\steamapps\common\Arma 3\expansion\addons\structures_f_exp_commercial.ebo - 102337
19:17:08 H:\Program Files (x86)\Steam\SteamLibrary\steamapps\common\Arma 3\expansion\addons\structures_f_exp_cultural.ebo - 102334
19:17:08 H:\Program Files (x86)\Steam\SteamLibrary\steamapps\common\Arma 3\expansion\addons\structures_f_exp_data.ebo - 102341
19:17:08 H:\Program Files (x86)\Steam\SteamLibrary\steamapps\common\Arma 3\expansion\addons\structures_f_exp_industrial.ebo - 102566
19:17:08 H:\Program Files (x86)\Steam\SteamLibrary\steamapps\common\Arma 3\expansion\addons\structures_f_exp_infrastructure.ebo - 102649
19:17:08 H:\Program Files (x86)\Steam\SteamLibrary\steamapps\common\Arma 3\expansion\addons\supplies_f_exp.ebo - 102166
19:17:08 H:\Program Files (x86)\Steam\SteamLibrary\steamapps\common\Arma 3\expansion\addons\ui_f_exp.ebo - 102701
19:17:08 H:\Program Files (x86)\Steam\SteamLibrary\steamapps\common\Arma 3\expansion\addons\vegetation_f_exp.ebo - 102695
19:17:08 H:\Program Files (x86)\Steam\SteamLibrary\steamapps\common\Arma 3\expansion\addons\weapons_f_exp.ebo - 102686
19:17:08 H:\Program Files (x86)\Steam\SteamLibrary\steamapps\common\Arma 3\mark\addons\anims_f_mark.pbo - 99082
19:17:08 H:\Program Files (x86)\Steam\SteamLibrary\steamapps\common\Arma 3\mark\addons\characters_f_mark.pbo - 102108
19:17:08 H:\Program Files (x86)\Steam\SteamLibrary\steamapps\common\Arma 3\mark\addons\data_f_mark.pbo - 100892
19:17:08 H:\Program Files (x86)\Steam\SteamLibrary\steamapps\common\Arma 3\mark\addons\dubbing_f_mark.pbo - 98398
19:17:08 H:\Program Files (x86)\Steam\SteamLibrary\steamapps\common\Arma 3\mark\addons\dubbing_f_mp_mark.pbo - 99082
19:17:08 H:\Program Files (x86)\Steam\SteamLibrary\steamapps\common\Arma 3\mark\addons\functions_f_mark.pbo - 99082
19:17:08 H:\Program Files (x86)\Steam\SteamLibrary\steamapps\common\Arma 3\mark\addons\functions_f_mp_mark.pbo - 102702
19:17:08 H:\Program Files (x86)\Steam\SteamLibrary\steamapps\common\Arma 3\mark\addons\languagemissions_f_mark.pbo - 102100
19:17:08 H:\Program Files (x86)\Steam\SteamLibrary\steamapps\common\Arma 3\mark\addons\languagemissions_f_mp_mark.pbo - 102100
19:17:08 H:\Program Files (x86)\Steam\SteamLibrary\steamapps\common\Arma 3\mark\addons\language_f_mark.pbo - 102099
19:17:08 H:\Program Files (x86)\Steam\SteamLibrary\steamapps\common\Arma 3\mark\addons\language_f_mp_mark.pbo - 102099
19:17:08 H:\Program Files (x86)\Steam\SteamLibrary\steamapps\common\Arma 3\mark\addons\missions_f_mark.pbo - 99082
19:17:08 H:\Program Files (x86)\Steam\SteamLibrary\steamapps\common\Arma 3\mark\addons\missions_f_mark_data.pbo - 99082
19:17:08 H:\Program Files (x86)\Steam\SteamLibrary\steamapps\common\Arma 3\mark\addons\missions_f_mark_video.pbo - 99082
19:17:08 H:\Program Files (x86)\Steam\SteamLibrary\steamapps\common\Arma 3\mark\addons\missions_f_mp_mark.pbo - 102054
19:17:08 H:\Program Files (x86)\Steam\SteamLibrary\steamapps\common\Arma 3\mark\addons\missions_f_mp_mark_data.pbo - 99084
19:17:08 H:\Program Files (x86)\Steam\SteamLibrary\steamapps\common\Arma 3\mark\addons\modules_f_mark.pbo - 99085
19:17:08 H:\Program Files (x86)\Steam\SteamLibrary\steamapps\common\Arma 3\mark\addons\modules_f_mp_mark.pbo - 102478
19:17:08 H:\Program Files (x86)\Steam\SteamLibrary\steamapps\common\Arma 3\mark\addons\music_f_mark.pbo - 98422
19:17:08 H:\Program Files (x86)\Steam\SteamLibrary\steamapps\common\Arma 3\mark\addons\music_f_mark_music.pbo - 99086
19:17:08 H:\Program Files (x86)\Steam\SteamLibrary\steamapps\common\Arma 3\mark\addons\sounds_f_mark.pbo - 99087
19:17:08 H:\Program Files (x86)\Steam\SteamLibrary\steamapps\common\Arma 3\mark\addons\static_f_mark.pbo - 98423
19:17:08 H:\Program Files (x86)\Steam\SteamLibrary\steamapps\common\Arma 3\mark\addons\structures_f_mark.pbo - 99089
19:17:08 H:\Program Files (x86)\Steam\SteamLibrary\steamapps\common\Arma 3\mark\addons\supplies_f_mark.pbo - 99089
19:17:08 H:\Program Files (x86)\Steam\SteamLibrary\steamapps\common\Arma 3\mark\addons\ui_f_mark.pbo - 99090
19:17:08 H:\Program Files (x86)\Steam\SteamLibrary\steamapps\common\Arma 3\mark\addons\ui_f_mp_mark.pbo - 99090
19:17:08 H:\Program Files (x86)\Steam\SteamLibrary\steamapps\common\Arma 3\mark\addons\weapons_f_mark.pbo - 102553
19:17:08 H:\Program Files (x86)\Steam\SteamLibrary\steamapps\common\Arma 3\heli\addons\air_f_heli.pbo - 100981
19:17:08 H:\Program Files (x86)\Steam\SteamLibrary\steamapps\common\Arma 3\heli\addons\anims_f_heli.pbo - 99082
19:17:08 H:\Program Files (x86)\Steam\SteamLibrary\steamapps\common\Arma 3\heli\addons\boat_f_heli.pbo - 99082
19:17:08 H:\Program Files (x86)\Steam\SteamLibrary\steamapps\common\Arma 3\heli\addons\cargoposes_f_heli.pbo - 102649
19:17:08 H:\Program Files (x86)\Steam\SteamLibrary\steamapps\common\Arma 3\heli\addons\data_f_heli.pbo - 100892
19:17:08 H:\Program Files (x86)\Steam\SteamLibrary\steamapps\common\Arma 3\heli\addons\dubbing_f_heli.pbo - 98398
19:17:08 H:\Program Files (x86)\Steam\SteamLibrary\steamapps\common\Arma 3\heli\addons\functions_f_heli.pbo - 99082
19:17:08 H:\Program Files (x86)\Steam\SteamLibrary\steamapps\common\Arma 3\heli\addons\languagemissions_f_heli.pbo - 102099
19:17:08 H:\Program Files (x86)\Steam\SteamLibrary\steamapps\common\Arma 3\heli\addons\language_f_heli.pbo - 102099
19:17:08 H:\Program Files (x86)\Steam\SteamLibrary\steamapps\common\Arma 3\heli\addons\missions_f_heli.pbo - 100701
19:17:08 H:\Program Files (x86)\Steam\SteamLibrary\steamapps\common\Arma 3\heli\addons\missions_f_heli_data.pbo - 99082
19:17:08 H:\Program Files (x86)\Steam\SteamLibrary\steamapps\common\Arma 3\heli\addons\missions_f_heli_video.pbo - 99082
19:17:08 H:\Program Files (x86)\Steam\SteamLibrary\steamapps\common\Arma 3\heli\addons\modules_f_heli.pbo - 99085
19:17:08 H:\Program Files (x86)\Steam\SteamLibrary\steamapps\common\Arma 3\heli\addons\music_f_heli.pbo - 98423
19:17:08 H:\Program Files (x86)\Steam\SteamLibrary\steamapps\common\Arma 3\heli\addons\music_f_heli_music.pbo - 99086
19:17:08 H:\Program Files (x86)\Steam\SteamLibrary\steamapps\common\Arma 3\heli\addons\soft_f_heli.pbo - 99086
19:17:08 H:\Program Files (x86)\Steam\SteamLibrary\steamapps\common\Arma 3\heli\addons\sounds_f_heli.pbo - 99086
19:17:08 H:\Program Files (x86)\Steam\SteamLibrary\steamapps\common\Arma 3\heli\addons\structures_f_heli.pbo - 101719
19:17:08 H:\Program Files (x86)\Steam\SteamLibrary\steamapps\common\Arma 3\heli\addons\supplies_f_heli.pbo - 101719
19:17:08 H:\Program Files (x86)\Steam\SteamLibrary\steamapps\common\Arma 3\heli\addons\ui_f_heli.pbo - 99090
19:17:08 H:\Program Files (x86)\Steam\SteamLibrary\steamapps\common\Arma 3\kart\addons\anims_f_kart.pbo - 99082
19:17:08 H:\Program Files (x86)\Steam\SteamLibrary\steamapps\common\Arma 3\kart\addons\characters_f_kart.pbo - 99082
19:17:08 H:\Program Files (x86)\Steam\SteamLibrary\steamapps\common\Arma 3\kart\addons\data_f_kart.pbo - 100651
19:17:08 H:\Program Files (x86)\Steam\SteamLibrary\steamapps\common\Arma 3\kart\addons\languagemissions_f_kart.pbo - 102099
19:17:08 H:\Program Files (x86)\Steam\SteamLibrary\steamapps\common\Arma 3\kart\addons\language_f_kart.pbo - 102099
19:17:08 H:\Program Files (x86)\Steam\SteamLibrary\steamapps\common\Arma 3\kart\addons\missions_f_kart.pbo - 100701
19:17:08 H:\Program Files (x86)\Steam\SteamLibrary\steamapps\common\Arma 3\kart\addons\missions_f_kart_data.pbo - 99082
19:17:08 H:\Program Files (x86)\Steam\SteamLibrary\steamapps\common\Arma 3\kart\addons\modules_f_kart.pbo - 99085
19:17:08 H:\Program Files (x86)\Steam\SteamLibrary\steamapps\common\Arma 3\kart\addons\modules_f_kart_data.pbo - 99085
19:17:08 H:\Program Files (x86)\Steam\SteamLibrary\steamapps\common\Arma 3\kart\addons\soft_f_kart.pbo - 99086
19:17:08 H:\Program Files (x86)\Steam\SteamLibrary\steamapps\common\Arma 3\kart\addons\sounds_f_kart.pbo - 99086
19:17:08 H:\Program Files (x86)\Steam\SteamLibrary\steamapps\common\Arma 3\kart\addons\structures_f_kart.pbo - 101717
19:17:08 H:\Program Files (x86)\Steam\SteamLibrary\steamapps\common\Arma 3\kart\addons\ui_f_kart.pbo - 99090
19:17:08 H:\Program Files (x86)\Steam\SteamLibrary\steamapps\common\Arma 3\kart\addons\weapons_f_kart.pbo - 99090
19:17:08 H:\Program Files (x86)\Steam\SteamLibrary\steamapps\common\Arma 3\curator\addons\data_f_curator.pbo - 101811
19:17:08 H:\Program Files (x86)\Steam\SteamLibrary\steamapps\common\Arma 3\curator\addons\functions_f_curator.pbo - 99082
19:17:08 H:\Program Files (x86)\Steam\SteamLibrary\steamapps\common\Arma 3\curator\addons\language_f_curator.pbo - 102098
19:17:08 H:\Program Files (x86)\Steam\SteamLibrary\steamapps\common\Arma 3\curator\addons\missions_f_curator.pbo - 101775
19:17:08 H:\Program Files (x86)\Steam\SteamLibrary\steamapps\common\Arma 3\curator\addons\modules_f_curator.pbo - 99085
19:17:08 H:\Program Files (x86)\Steam\SteamLibrary\steamapps\common\Arma 3\curator\addons\ui_f_curator.pbo - 102204
19:17:08 
19:17:08 =======================
19:17:08 
19:17:09 ============================================================================================= List of mods ===============================================================================================
19:17:09 modsReadOnly = true
19:17:09 safeModsActivated = false
19:17:09 customMods = true
19:17:09 hash = 'FBB8DCF3796B7173D4CAAD30C47EF3FD59EC44BE'
19:17:09 hashShort = 'a298e057'
19:17:09                                               name |               modDir |    default |               origin |                                     hash | hashShort | fullPath
19:17:09 ----------------------------------------------------------------------------------------------------------------------------------------------------------------------------------------------------------
19:17:09                                             Arma 3 |               Arma 3 |      false |             GAME DIR | 3b138f34e53aaa6958eb4be2eba3d457d0913e2b |  c77ec6e3 | H:\Program Files (x86)\Steam\SteamLibrary\SteamApps\common\Arma 3
19:17:09                                  Arma 3 DLC Bundle |            dlcbundle |       true |            NOT FOUND |                                          |           | 
19:17:09                                        Arma 3 Apex |            expansion |       true |             GAME DIR | 2ead696776889f83ff6858012f8797677f96d340 |  d6f6ece8 | H:\Program Files (x86)\Steam\SteamLibrary\steamapps\common\Arma 3\expansion
19:17:09                                    Arma 3 Marksmen |                 mark |       true |             GAME DIR | abcdc24602067e2806db3e05b5193970eafbf111 |  a5cfe5cf | H:\Program Files (x86)\Steam\SteamLibrary\steamapps\common\Arma 3\mark
19:17:09                                 Arma 3 Helicopters |                 heli |       true |             GAME DIR | 5bec42e59bcde9eef913b54f6ef95de6a6a99e01 |  96c411d5 | H:\Program Files (x86)\Steam\SteamLibrary\steamapps\common\Arma 3\heli
19:17:09                                       Arma 3 Karts |                 kart |       true |             GAME DIR | 44cc1655a67b9002577562645da2eeb67d1be2b0 |   cf40abd | H:\Program Files (x86)\Steam\SteamLibrary\steamapps\common\Arma 3\kart
19:17:09                                        Arma 3 Zeus |              curator |       true |             GAME DIR | 15dc9c98b66c6c932d8c8a83ad5c4b9360cee492 |  5056afaa | H:\Program Files (x86)\Steam\SteamLibrary\steamapps\common\Arma 3\curator
19:17:09                                             Arma 3 |                   A3 |       true |            NOT FOUND |                                          |           | 
19:17:09 ==========================================================================================================================================================================================================
19:17:09 DX11 - Initializing DX11 engine.
19:17:09 DX11 - Using DXGI adapter 0 (detected in config).
19:17:09 DX11 - Using DXGI adapter 0.
19:17:09     - adapter description : NVIDIA GeForce GTX 660
19:17:09     - adapter vendor ID : 4318
19:17:09     - adapter device ID : 4544
19:17:09     - adapter subsys ID : 678499426
19:17:09     - adapter revision  : 161
19:17:09     - dedicated video memory : 2114322432
19:17:09     - dedicated system memory : 0
19:17:09     - shared system memory : 2180579328
19:17:09 InitSound ...
19:17:09 InitSound - complete
19:17:09 Detected Joystick: Controller (XBOX 360 For Windows)
19:17:09     0 ... STR_INPUT_DEVICE_STICK_AXIS_X [1,30]
19:17:09     1 ... STR_INPUT_DEVICE_STICK_AXIS_Y [1,31]
19:17:09     2 ... STR_INPUT_DEVICE_STICK_AXIS_Z [1,32]
19:17:09     3 ... STR_INPUT_DEVICE_STICK_ROT_X [1,33]
19:17:09     4 ... STR_INPUT_DEVICE_STICK_ROT_Y [1,34]
19:17:11 PhysX3 SDK Init started ...
19:17:11 PhysX3 SDK Init ended.
19:17:12 Attempt to override final function - rscminimap_script
19:17:12 Attempt to override final function - rscdisplayloading_script
19:17:12 Attempt to override final function - rscdisplayloading_script
19:17:12 Attempt to override final function - rscdisplayloading_script
19:17:12 Attempt to override final function - rscdiary_script
19:17:12 Attempt to override final function - rscdisplaysinglemission_script
19:17:12 Attempt to override final function - rscdiary_script
19:17:12 Attempt to override final function - rscdisplayremotemissions_script
19:17:12 Attempt to override final function - rscdisplayloading_script
19:17:12 Attempt to override final function - rscdiary_script
19:17:12 Attempt to override final function - rscdiary_script
19:17:12 Attempt to override final function - rscdisplaystrategicmap_script
19:17:12 Attempt to override final function - rscdisplaycommon_script
19:17:12 Attempt to override final function - rscdisplaygarage_script
19:17:12 Attempt to override final function - rscdisplayhostsettings_script
19:17:12 Attempt to override final function - rscdisplayloading_script
19:17:13 Attempt to override final function - rscdisplaycurator_script
19:17:13 Attempt to override final function - display3deneditcomposition_script
19:17:13 Attempt to override final function - display3deneditattributes_script
19:17:13 Attempt to override final function - display3deneditattributes_script
19:17:13 Attempt to override final function - rscdisplayhostsettings_script
19:17:13 Attempt to override final function - rscdisplaycommon_script
19:17:13 Attempt to override final function - rscdisplaydebriefing_script
19:17:13 Attempt to override final function - rscunitinfo_script
19:17:13 Attempt to override final function - rscunitinfo_script
19:17:13 Attempt to override final function - rscunitinfo_script
19:17:13 Attempt to override final function - rscunitinfo_script
19:17:13 Attempt to override final function - rscunitinfo_script
19:17:13 Attempt to override final function - rscunitinfo_script
19:17:13 Attempt to override final function - rscunitinfo_script
19:17:13 Attempt to override final function - rscunitinfo_script
19:17:13 Attempt to override final function - rscunitinfo_script
19:17:13 Attempt to override final function - rscunitinfo_script
19:17:13 Attempt to override final function - rscunitinfo_script
19:17:13 Attempt to override final function - rscunitinfo_script
19:17:13 Attempt to override final function - rscunitinfo_script
19:17:13 Attempt to override final function - rscunitinfo_script
19:17:13 Attempt to override final function - rscunitinfo_script
19:17:13 Attempt to override final function - rscunitinfo_script
19:17:13 Attempt to override final function - rscunitinfo_script
19:17:13 Attempt to override final function - rscunitinfo_script
19:17:13 Attempt to override final function - rscunitinfo_script
19:17:13 Attempt to override final function - rscunitinfo_script
19:17:13 Attempt to override final function - rscunitinfo_script
19:17:13 Attempt to override final function - rscunitinfo_script
19:17:13 Attempt to override final function - rscunitinfo_script
19:17:13 Attempt to override final function - rscunitinfo_script
19:17:13 Attempt to override final function - rscunitinfo_script
19:17:13 Attempt to override final function - rscunitinfo_script
19:17:13 Attempt to override final function - rscunitinfo_script
19:17:13 Attempt to override final function - rscunitinfo_script
19:17:13 Attempt to override final function - rscunitinfo_script
19:17:13 Attempt to override final function - rscunitinfo_script
19:17:13 Attempt to override final function - rscunitinfo_script
19:17:13 Attempt to override final function - rscunitinfo_script
19:17:13 Attempt to override final function - rscunitinfo_script
19:17:13 Attempt to override final function - rscunitinfo_script
19:17:13 Attempt to override final function - rscunitinfo_script
19:17:13 Attempt to override final function - rscunitinfo_script
19:17:13 Attempt to override final function - rscunitinfo_script
19:17:13 Attempt to override final function - rscunitinfo_script
19:17:13 Attempt to override final function - rscunitinfo_script
19:17:13 Attempt to override final function - rscunitinfo_script
19:17:13 Attempt to override final function - rscunitinfo_script
19:17:13 Attempt to override final function - rscunitinfo_script
19:17:13 Attempt to override final function - rscunitinfo_script
19:17:13 Attempt to override final function - rscunitinfo_script
19:17:13 Attempt to override final function - rscunitinfo_script
19:17:13 Attempt to override final function - rscunitinfo_script
19:17:13 Attempt to override final function - rscunitinfo_script
19:17:13 Attempt to override final function - rscunitinfo_script
19:17:13 Attempt to override final function - rscunitinfo_script
19:17:13 Attempt to override final function - rscunitinfo_script
19:17:13 Attempt to override final function - rscunitinfo_script
19:17:13 Attempt to override final function - rscunitinfo_script
19:17:13 Attempt to override final function - rscunitinfo_script
19:17:13 Attempt to override final function - rscunitinfo_script
19:17:13 Attempt to override final function - rscunitinfo_script
19:17:13 Attempt to override final function - rscunitinfo_script
19:17:13 Attempt to override final function - rscunitinfo_script
19:17:13 Attempt to override final function - rscunitinfo_script
19:17:13 Attempt to override final function - rscunitinfo_script
19:17:13 Attempt to override final function - rscunitinfo_script
19:17:13 Attempt to override final function - rscunitinfo_script
19:17:14 SimulWeather - Cloud Renderer - noise texture file is not specified!
19:17:16 SimulWeather - Cloud Renderer - noise texture file is not specified!
19:17:24 No more slot to add connection at 033057 (3386.8,5735.4)
19:17:24 Unknown hit sound type in A3\data_f\Penetration\tyre.bisurf.soundHit
19:17:25 Attempt to override final function - bis_functions_list
19:17:25 Attempt to override final function - bis_functions_listpreinit
19:17:25 Attempt to override final function - bis_functions_listpostinit
19:17:25 Attempt to override final function - bis_functions_listrecompile
19:17:27 Strange convex component145 in a3\plants_f\tree\t_pinuss2s_b_f.p3d:geometryView
19:17:27 Strange convex component149 in a3\plants_f\tree\t_pinuss2s_b_f.p3d:geometryView
19:17:33 Fresnel k must be >0, given n=2.51,k=0
19:17:36 Loading movesType CfgGesturesMale
19:17:36 MovesType CfgGesturesMale load time 103 ms
19:17:36 Loading movesType CfgMovesMaleSdr
19:17:40 MovesType CfgMovesMaleSdr load time 4533 ms
19:17:57 Mission Taggit.Stratis: Missing 'description.ext::Header::maxPlayer'
19:17:57 Mission Taggit.Stratis: Missing 'description.ext::Header::minPlayer'
19:18:03 Starting mission:
19:18:03  Mission file: Taggit
19:18:03  Mission world: Stratis
19:18:03  Mission directory: C:\Users\Jacco\Documents\Arma 3 - Other Profiles\Whistle\mpmissions\Taggit.Stratis\
19:18:05 Attempt to override final function - bis_functions_list
19:18:05 Attempt to override final function - bis_functions_listpreinit
19:18:05 Attempt to override final function - bis_functions_listpostinit
19:18:05 Attempt to override final function - bis_functions_listrecompile
19:18:05 Attempt to override final function - bis_fnc_missiontaskslocal
19:18:05 Attempt to override final function - bis_fnc_missionconversationslocal
19:18:05 Attempt to override final function - bis_fnc_missionflow
19:18:05 c:\w\stable\futura\lib\network\networkserver.cpp NetworkServer::OnClientStateChanged:NOT IMPLEMENTED - briefing!
19:18:06 "*-* DEBUG TAGGIT *-* Whistle hasInterface"
19:18:06 "*-* DEBUG TAGGIT *-* Passed through EH and Uniform + Vision"
19:18:06 "*-* DEBUG TAGGIT *-* 1 players"
19:18:06 "*-* DEBUG TAGGIT *-* Whistle is randomly selected."
19:18:06 "*-* DEBUG TAGGIT *-* Whistle is setvariable Untagged."
19:18:06 "*-* DEBUG TAGGIT *-* Whistle is setvariable Tagged."
19:18:06 "*-* DEBUG TAGGIT *-* Whistle has a map? false"
19:18:06 "*-* DEBUG TAGGIT *-* init taggit succeeded: true. the player who is tagged is: Whistle"
19:18:10 Loading movesType CfgMovesSnakes_F
19:18:10 MovesType CfgMovesSnakes_F load time 12 ms
19:18:10 Loading movesType CfgMovesButterfly
19:18:10 Save game type
19:18:10  Mission id: 760e764081a4681487190f2a2cee257f5713046c
19:18:10 Loading movesType CfgMovesBird
19:18:15 Error in expression <[_this, [_pos,_units,_shift,_alt]] spawn>
19:18:15   Error position: <[_this, [_pos,_units,_shift,_alt]] spawn>
19:18:15   Error Type Script, expected Bool
19:18:15 "*-* DEBUG TAGGIT *-* Array coming out of Mapclick [C Alpha 1-1:1 (Whistle),[[1816.44,5584.17,0],[],true,true]]"
19:18:15 "*-* DEBUG TAGGIT *-* Mapclickparams: [[1816.44,5584.17,0],[],true,true]"
19:18:15 Error in expression <[_this, 2, 0] call BIS_fnc_param; 

if (isNull _tagger) then {
systemchat format>
19:18:15   Error position: <isNull _tagger) then {
systemchat format>
19:18:15   Error isnull: Type String, expected Object,Group,Script,Config entry,Display (dialog),Control,Network Object,Task,Location
19:18:15 File C:\Users\Jacco\Documents\Arma 3 - Other Profiles\Whistle\mpmissions\Taggit.Stratis\functions\fn_showHint.sqf, line 7
19:18:24 Loading movesType CfgMovesRabbit_F
19:18:24 "*-* DEBUG TAGGIT *-* Switcharray: [C Alpha 1-1:1 (Whistle),"init",-0.5,"init"]"
19:18:24 "*-* DEBUG TAGGIT *-* Weapon: hgun_ACPC2_F"
19:18:24 "*-* DEBUG TAGGIT *-* Magazine: hgun_ACPC2_F"
19:18:24 "*-* DEBUG TAGGIT *-* Add any new points to Whistle"
19:18:24 "*-* DEBUG TAGGIT *-* Score of Whistle before addScore: 0"
19:18:24 Error in expression <UG TAGGIT *-* Add %1 new points to %2", _points, name _tagger];
diag_log format >
19:18:24   Error position: <_points, name _tagger];
diag_log format >
19:18:24   Error Undefined variable in expression: _points
19:18:24 File C:\Users\Jacco\Documents\Arma 3 - Other Profiles\Whistle\mpmissions\Taggit.Stratis\functions\fn_handle_score.sqf, line 7
19:18:24 "*-* DEBUG TAGGIT *-* Score of Whistle after addScore: 0"
19:18:24 Error in expression <r, score _tagger];
};

_tagger addScore _points;

_score = score _tagger;

if (W>
19:18:24   Error position: <_points;

_score = score _tagger;

if (W>
19:18:24   Error Undefined variable in expression: _points
19:18:24 File C:\Users\Jacco\Documents\Arma 3 - Other Profiles\Whistle\mpmissions\Taggit.Stratis\functions\fn_handle_score.sqf, line 11
19:18:24 Error in expression <zine: %1", WIS_TagWeapon];
};

[player, _score] call WIS_fnc_Handle_Score;


WIS>
19:18:24   Error position: <_score] call WIS_fnc_Handle_Score;


WIS>
19:18:24   Error Undefined variable in expression: _score
19:18:24 File C:\Users\Jacco\Documents\Arma 3 - Other Profiles\Whistle\mpmissions\Taggit.Stratis\functions\fn_Switch.sqf, line 66
19:18:24 "*-* DEBUG TAGGIT *-* Whistle is 2.96861 meters away from WIS_mrk"
19:18:24 "*-* DEBUG TAGGIT *-* Whistle will receive 10 points"
19:18:46 Attempt to override final function - bis_functions_list
19:18:46 Attempt to override final function - bis_functions_listpreinit
19:18:46 Attempt to override final function - bis_functions_listpostinit
19:18:46 Attempt to override final function - bis_functions_listrecompile
19:19:09 Wrong color format 
19:19:13 SimulWeather - Cloud Renderer - noise texture file is not specified!
19:19:14 Deinitialized shape [Class: "C_man_1"; Shape: "a3\characters_f\civil\c_poloshirt.p3d";]
19:19:14 Deinitialized shape [Class: "C_man_polo_3_F"; Shape: "a3\characters_f\civil\c_poloshirt.p3d";]
19:19:14 Deinitialized shape [Class: "C_man_polo_5_F"; Shape: "a3\characters_f\civil\c_poloshirt.p3d";]
19:19:14 Deinitialized shape [Class: "C_Driver_2_F"; Shape: "a3\characters_f_kart\civil\c_driver_f.p3d";]
19:19:14 Deinitialized shape [Class: "C_scientist_F"; Shape: "a3\characters_f\common\coveralls.p3d";]
19:19:14 Deinitialized shape [Class: "C_Man_casual_2_F"; Shape: "a3\characters_f\civil\c_poloshirtpants.p3d";]
19:19:14 Deinitialized shape [Class: "C_journalist_F"; Shape: "a3\characters_f_epc\civil\c_journalist.p3d";]
19:19:14 Deinitialized shape [Class: "C_man_hunter_1_F"; Shape: "a3\characters_f\civil\c_hunter_f.p3d";]
19:19:14 Deinitialized shape [Class: "C_man_p_fugitive_F"; Shape: "a3\characters_f\civil\c_poor.p3d";]
19:19:14 c:\w\stable\futura\lib\network\networkserver.cpp ClearNetServer:NOT IMPLEMENTED - briefing!
19:19:14 Error: weapon [bipod_01_F_snd] still has its shape, ref_count=3
19:19:14 Class Default destroyed with lock count 1
19:19:14 Class Library destroyed with lock count 1
19:19:14 Class GunFire destroyed with lock count 1
19:19:14 Class Table destroyed with lock count 1
19:19:14 Class T0 destroyed with lock count 1
19:19:14 Class T1 destroyed with lock count 1
19:19:14 Class T2 destroyed with lock count 1
19:19:14 Class T3 destroyed with lock count 1
19:19:14 Class T4 destroyed with lock count 1
19:19:14 Class T5 destroyed with lock count 1
19:19:14 Class T6 destroyed with lock count 1
19:19:14 Class T7 destroyed with lock count 1
19:19:14 Class T8 destroyed with lock count 1
19:19:14 Class T9 destroyed with lock count 1
19:19:14 Class T10 destroyed with lock count 1
19:19:14 Class T11 destroyed with lock count 1
19:19:14 Class T12 destroyed with lock count 1
19:19:14 Class T13 destroyed with lock count 1
19:19:14 Class T14 destroyed with lock count 1
19:19:14 Class T15 destroyed with lock count 1
19:19:14 Class T16 destroyed with lock count 1
19:19:14 Class T17 destroyed with lock count 1
19:19:14 Class T18 destroyed with lock count 1
19:19:14 Class T19 destroyed with lock count 1
19:19:14 Class T20 destroyed with lock count 1
19:19:14 Class T21 destroyed with lock count 1
19:19:14 Class T22 destroyed with lock count 1
19:19:14 Class GunClouds destroyed with lock count 1
19:19:14 Class Table destroyed with lock count 1
19:19:14 Class T0 destroyed with lock count 1
19:19:14 Class ItemCore destroyed with lock count 1
19:19:14 Class Armory destroyed with lock count 1
19:19:14 Class InventoryItem_Base_F destroyed with lock count 1
19:19:14 Class InventoryUnderItem_Base_F destroyed with lock count 1
19:19:14 Class bipod_01_F_snd destroyed with lock count 1
19:19:14 Class ItemInfo destroyed with lock count 2
19:19:15 Extensions:
